// Jest Snapshot v1, https://goo.gl/fbAQLP

exports[`Test snapshot component of Header renders correctly of Header 1`] = `
<div>
  <header
    className="header-logo"
  >
    <div
      className="logo"
    >
      Math Magicians
    </div>
    <nav>
      <ul>
        <li>
          <a
            href="/"
            onClick={[Function]}
          >
            Home
          </a>
        </li>
        <li>
          <a
            href="/calculator"
            onClick={[Function]}
          >
            Calculator
          </a>
        </li>
        <li>
          <a
            href="/quote"
            onClick={[Function]}
          >
            Quote
          </a>
        </li>
      </ul>
    </nav>
  </header>
</div>
`;
